Release 14.7 - xst P.20131013 (lin64)
Copyright (c) 1995-2013 Xilinx, Inc.  All rights reserved.
--> 
Parameter TMPDIR set to xst/projnav.tmp


Total REAL time to Xst completion: 0.00 secs
Total CPU time to Xst completion: 0.04 secs
 
--> 
Parameter xsthdpdir set to xst


Total REAL time to Xst completion: 0.00 secs
Total CPU time to Xst completion: 0.04 secs
 
--> 
Reading design: entrada.prj

TABLE OF CONTENTS
  1) Synthesis Options Summary
  2) HDL Compilation
  3) Design Hierarchy Analysis
  4) HDL Analysis
  5) HDL Synthesis
     5.1) HDL Synthesis Report
  6) Advanced HDL Synthesis
     6.1) Advanced HDL Synthesis Report
  7) Low Level Synthesis
  8) Partition Report
  9) Final Report
	9.1) Device utilization summary
	9.2) Partition Resource Summary
	9.3) TIMING REPORT


=========================================================================
*                      Synthesis Options Summary                        *
=========================================================================
---- Source Parameters
Input File Name                    : "entrada.prj"
Input Format                       : mixed
Ignore Synthesis Constraint File   : NO

---- Target Parameters
Output File Name                   : "entrada"
Output Format                      : NGC
Target Device                      : xc3s500e-5-fg320

---- Source Options
Top Module Name                    : entrada
Automatic FSM Extraction           : YES
FSM Encoding Algorithm             : Auto
Safe Implementation                : No
FSM Style                          : LUT
RAM Extraction                     : Yes
RAM Style                          : Auto
ROM Extraction                     : Yes
Mux Style                          : Auto
Decoder Extraction                 : YES
Priority Encoder Extraction        : Yes
Shift Register Extraction          : YES
Logical Shifter Extraction         : YES
XOR Collapsing                     : YES
ROM Style                          : Auto
Mux Extraction                     : Yes
Resource Sharing                   : YES
Asynchronous To Synchronous        : NO
Multiplier Style                   : Auto
Automatic Register Balancing       : No

---- Target Options
Add IO Buffers                     : YES
Global Maximum Fanout              : 100000
Add Generic Clock Buffer(BUFG)     : 24
Register Duplication               : YES
Slice Packing                      : YES
Optimize Instantiated Primitives   : NO
Use Clock Enable                   : Yes
Use Synchronous Set                : Yes
Use Synchronous Reset              : Yes
Pack IO Registers into IOBs        : Auto
Equivalent register Removal        : YES

---- General Options
Optimization Goal                  : Speed
Optimization Effort                : 1
Keep Hierarchy                     : No
Netlist Hierarchy                  : As_Optimized
RTL Output                         : Yes
Global Optimization                : AllClockNets
Read Cores                         : YES
Write Timing Constraints           : NO
Cross Clock Analysis               : NO
Hierarchy Separator                : /
Bus Delimiter                      : <>
Case Specifier                     : Maintain
Slice Utilization Ratio            : 100
BRAM Utilization Ratio             : 100
Verilog 2001                       : YES
Auto BRAM Packing                  : NO
Slice Utilization Ratio Delta      : 5

=========================================================================


=========================================================================
*                          HDL Compilation                              *
=========================================================================
Compiling verilog file "sum1bcc.v" in library work
Compiling verilog file "sum4bcc.v" in library work
Module <sum1bcc> compiled
Compiling verilog file "sietesegmentosBCD.v" in library work
Module <sum4bcc> compiled
Compiling verilog file "entrada.v" in library work
Module <sietesegmentosBCD> compiled
Module <entrada> compiled
No errors in compilation
Analysis of file <"entrada.prj"> succeeded.
 

=========================================================================
*                     Design Hierarchy Analysis                         *
=========================================================================
Analyzing hierarchy for module <entrada> in library <work>.

Analyzing hierarchy for module <sum4bcc> in library <work>.

Analyzing hierarchy for module <sietesegmentosBCD> in library <work>.

Analyzing hierarchy for module <sum1bcc> in library <work>.


=========================================================================
*                            HDL Analysis                               *
=========================================================================
Analyzing top module <entrada>.
Module <entrada> is correct for synthesis.
 
Analyzing module <sum4bcc> in library <work>.
Module <sum4bcc> is correct for synthesis.
 
Analyzing module <sum1bcc> in library <work>.
Module <sum1bcc> is correct for synthesis.
 
Analyzing module <sietesegmentosBCD> in library <work>.
Module <sietesegmentosBCD> is correct for synthesis.
 

=========================================================================
*                           HDL Synthesis                               *
=========================================================================

Performing bidirectional port resolution...

Synthesizing Unit <sietesegmentosBCD>.
    Related source file is "sietesegmentosBCD.v".
    Found 16x7-bit ROM for signal <SSeg>.
    Summary:
	inferred   1 ROM(s).
Unit <sietesegmentosBCD> synthesized.


Synthesizing Unit <sum1bcc>.
    Related source file is "sum1bcc.v".
    Found 2-bit adder for signal <st>.
    Found 1-bit adder carry out for signal <st$addsub0001> created at line 34.
    Summary:
	inferred   2 Adder/Subtractor(s).
Unit <sum1bcc> synthesized.


Synthesizing Unit <sum4bcc>.
    Related source file is "sum4bcc.v".
Unit <sum4bcc> synthesized.


Synthesizing Unit <entrada>.
    Related source file is "entrada.v".
Unit <entrada> synthesized.


=========================================================================
HDL Synthesis Report

Macro Statistics
# ROMs                                                 : 1
 16x7-bit ROM                                          : 1
# Adders/Subtractors                                   : 8
 1-bit adder carry out                                 : 4
 2-bit adder                                           : 4

=========================================================================

=========================================================================
*                       Advanced HDL Synthesis                          *
=========================================================================


=========================================================================
Advanced HDL Synthesis Report

Macro Statistics
# ROMs                                                 : 1
 16x7-bit ROM                                          : 1
# Adders/Subtractors                                   : 8
 1-bit adder carry out                                 : 4
 2-bit adder                                           : 4

=========================================================================

=========================================================================
*                         Low Level Synthesis                           *
=========================================================================

Optimizing unit <entrada> ...

Mapping all equations...
Building and optimizing final netlist ...
Found area constraint ratio of 100 (+ 5) on block entrada, actual ratio is 0.

Final Macro Processing ...

=========================================================================
Final Register Report

Found no macro
=========================================================================

=========================================================================
*                           Partition Report                            *
=========================================================================

Partition Implementation Status
-------------------------------

  No Partitions were found in this design.

-------------------------------

=========================================================================
*                            Final Report                               *
=========================================================================
Final Results
RTL Top Level Output File Name     : entrada.ngr
Top Level Output File Name         : entrada
Output Format                      : NGC
Optimization Goal                  : Speed
Keep Hierarchy                     : No

Design Statistics
# IOs                              : 20

Cell Usage :
# BELS                             : 19
#      GND                         : 1
#      LUT2                        : 1
#      LUT3                        : 1
#      LUT4                        : 13
#      MUXF5                       : 2
#      VCC                         : 1
# IO Buffers                       : 20
#      IBUF                        : 8
#      OBUF                        : 12
=========================================================================

Device utilization summary:
---------------------------

Selected Device : 3s500efg320-5 

 Number of Slices:                        8  out of   4656     0%  
 Number of 4 input LUTs:                 15  out of   9312     0%  
 Number of IOs:                          20
 Number of bonded IOBs:                  20  out of    232     8%  

---------------------------
Partition Resource Summary:
---------------------------

  No Partitions were found in this design.

---------------------------


=========================================================================
TIMING REPORT

NOTE: THESE TIMING NUMBERS ARE ONLY A SYNTHESIS ESTIMATE.
      FOR ACCURATE TIMING INFORMATION PLEASE REFER TO THE TRACE REPORT
      GENERATED AFTER PLACE-and-ROUTE.

Clock Information:
------------------
No clock signals found in this design

Asynchronous Control Signals Information:
----------------------------------------
No asynchronous control signals found in this design

Timing Summary:
---------------
Speed Grade: -5

   Minimum period: No path found
   Minimum input arrival time before clock: No path found
   Maximum output required time after clock: No path found
   Maximum combinational path delay: 8.234ns

Timing Detail:
--------------
All values displayed in nanoseconds (ns)

=========================================================================
Timing constraint: Default path analysis
  Total number of paths / destination ports: 180 / 8
-------------------------------------------------------------------------
Delay:               8.234ns (Levels of Logic = 5)
  Source:            aswu<1> (PAD)
  Destination:       seg<1> (PAD)

  Data Path: aswu<1> to seg<1>
                                Gate     Net
    Cell:in->out      fanout   Delay   Delay  Logical Name (Net Name)
    ----------------------------------------  ------------
     IBUF:I->O             2   1.106   0.532  aswu_1_IBUF (aswu_1_IBUF)
     LUT4:I0->O            3   0.612   0.451  ss0/s1/Madd_st_addsub0001_cy<0>11 (ss0/s1/Madd_st_addsub0001_cy<0>)
     MUXF5:S->O            7   0.641   0.754  ss0/s3/Madd_st_addsub0001_xor<0>11_f5 (sumaenB<3>)
     LUT4:I0->O            1   0.612   0.357  ss1/Mrom_SSeg21 (seg_4_OBUF)
     OBUF:I->O                 3.169          seg_4_OBUF (seg<4>)
    ----------------------------------------
    Total                      8.234ns (6.140ns logic, 2.094ns route)
                                       (74.6% logic, 25.4% route)

=========================================================================


Total REAL time to Xst completion: 4.00 secs
Total CPU time to Xst completion: 3.72 secs
 
--> 


Total memory usage is 510144 kilobytes

Number of errors   :    0 (   0 filtered)
Number of warnings :    1 (   0 filtered)
Number of infos    :    0 (   0 filtered)

